// Jest Snapshot v1, https://goo.gl/fbAQLP

exports[`should render page 1`] = `
<div>
  <h1>
    This is my Create Expense Page page!!
  </h1>
  <ExpenseForm
    onSubmit={[Function]}
  />
</div>
`;
