// Jest Snapshot v1, https://goo.gl/fbAQLP

exports[`should render EditExpensePage 1`] = `
<div>
  <h1>
    This is my edit page namaste!!
  </h1>
  <ExpenseForm
    expense={
      Object {
        "amount": 10000,
        "createdAt": "1970-01-01T00:00:00.000Z",
        "description": "rent",
        "id": "1",
        "note": "",
      }
    }
    onSubmit={[Function]}
  />
  <button
    onClick={[Function]}
  >
    Remove
  </button>
</div>
`;
