// Jest Snapshot v1, https://goo.gl/fbAQLP

exports[`renders a correct expense 1`] = `
<div>
  <Link
    replace={false}
    to="/edit/1"
  >
    <h1>
      rent
    </h1>
  </Link>
  <h2>
    $100.00
     - Date:
    December 31st, 1969
  </h2>
</div>
`;
