// Jest Snapshot v1, https://goo.gl/fbAQLP

exports[`renders expense dashboard page 1`] = `
<div>
  <p>
    this is my expenses Dashboard
  </p>
  <Connect(ExpenseListFilters) />
  <Connect(ExpenseList) />
</div>
`;
